["def test_<NUM>(): > assert 'connected to <IP>' == 'connected to <IP>' E assert False tests\\test_me.py:<NUM>: AssertionError", "def test_<NUM>(): > assert 'connected to <IP>' == 'connected to <IP>' E assert False tests\\test_me.py:<NUM>: AssertionError", "def test_<NUM>(): > assert 'connected to <IP>' == 'connected to <IP>' E assert False tests\\test_me.py:<NUM>: AssertionError"]
